// Jest Snapshot v1, https://goo.gl/fbAQLP

exports[`Should render EditExpensePage correctly 1`] = `
<div>
  <div
    className="page-header"
  >
    <div
      className="container"
    >
      <h1
        className="page-header__title"
      >
        Edit Expense:
      </h1>
    </div>
  </div>
  <div
    className="container"
  >
    <ExpenseForm
      expense={
        Object {
          "amount": 456,
          "createdAt": 345600000,
          "description": "Clothing",
          "id": "3",
          "note": "",
        }
      }
      onSubmit={[Function]}
    />
    <button
      className="btn btn--warning"
      onClick={[Function]}
    >
      Remove Expense
    </button>
  </div>
</div>
`;
