// Jest Snapshot v1, https://goo.gl/fbAQLP

exports[`Should render ERROR404 page correctly 1`] = `
<div>
  Error 404. Not found! - 
  <Link
    replace={false}
    to="/"
  >
    Go Home
  </Link>
</div>
`;
