// Jest Snapshot v1, https://goo.gl/fbAQLP

exports[`Should render Header correctly 1`] = `
<div
  className="box-layout"
>
  <div
    className="box-layout__box"
  >
    <h1
      className="box-layout__title"
    >
      Expensify App
    </h1>
    <p>
      It's time to get your expenses under control.
    </p>
    <button
      className="btn"
    >
      Log in with 
      <i
        aria-hidden="true"
        className="fa fa-google-plus"
      />
    </button>
  </div>
</div>
`;
